Microsoft Windows [Version 10.0.22631.3880]
(c) Microsoft Corporation. All rights reserved.

C:\Users\愛枝>cd OneDrive\デスクトップ\samurai\samurai_F

C:\Users\愛枝\OneDrive\デスクトップ\samurai\samurai_f>mkdir git_challenge

C:\Users\愛枝\OneDrive\デスクトップ\samurai\samurai_f>cd git_challenge

C:\Users\愛枝\OneDrive\デスクトップ\samurai\samurai_f\git_challenge>git config --global user.name"yonchin46"

C:\Users\愛枝\OneDrive\デスクトップ\samurai\samurai_f\git_challenge>git config --global user.email"yossui1978@gmail.com"

C:\Users\愛枝\OneDrive\デスクトップ\samurai\samurai_f\git_challenge>git init
Initialized empty Git repository in C:/Users/愛枝/OneDrive/デス クトップ/samurai/samurai_f/git_challenge/.git/

C:\Users\愛枝\OneDrive\デスクトップ\samurai\samurai_f\git_challenge>git config --global user.name
yonchin46

C:\Users\愛枝\OneDrive\デスクトップ\samurai\samurai_f\git_challenge>git config --global user.email
yossui1978@gmail.com

C:\Users\愛枝\OneDrive\デスクトップ\samurai\samurai_f\git_challenge>echo "Hello,world!">>hello_world.txt

C:\Users\愛枝\OneDrive\デスクトップ\samurai\samurai_f\git_challenge>git add hello_world.txt

C:\Users\愛枝\OneDrive\デスクトップ\samurai\samurai_f\git_challenge>git commit -m"git_challengeをコミット"
[main (root-commit) f69b21c] git_challengeをコミット
 1 file changed, 1 insertion(+)
 create mode 100644 hello_world.txt

C:\Users\愛枝\OneDrive\デスクトップ\samurai\samurai_f\git_challenge>echo "こんにちは、世界！”>>hello_world.txt
"こんにちは、世界！”>>hello_world.txt

C:\Users\愛枝\OneDrive\デスクトップ\samurai\samurai_f\git_challenge>echo; >>hello_World.txt

C:\Users\愛枝\OneDrive\デスクトップ\samurai\samurai_f\git_challenge>echo "こんにちは、世界！">>hell_World.txt

C:\Users\愛枝\OneDrive\デスクトップ\samurai\samurai_f\git_challenge>del hell_World.txt

C:\Users\愛枝\OneDrive\デスクトップ\samurai\samurai_f\git_challenge>echo; >>hello_world.txt

C:\Users\愛枝\OneDrive\デスクトップ\samurai\samurai_f\git_challenge>echo "こんにちは、世界！">>hello_world.txt

C:\Users\愛枝\OneDrive\デスクトップ\samurai\samurai_f\git_challenge>git add hello_world.txt

C:\Users\愛枝\OneDrive\デスクトップ\samurai\samurai_f\git_challenge>git commit -m"
error: switch `m' requires a value

C:\Users\愛枝\OneDrive\デスクトップ\samurai\samurai_f\git_challenge>git commit -m"git_challengeの変更をコミット”
[main 82daf0a] git_challengeの変更をコミット”
 1 file changed, 3 insertions(+)

C:\Users\愛枝\OneDrive\デスクトップ\samurai\samurai_f\git_challenge>git status
On branch main
nothing to commit, working tree clean

C:\Users\愛枝\OneDrive\デスクトップ\samurai\samurai_f\git_challenge>git diff hello_world.txt

C:\Users\愛枝\OneDrive\デスクトップ\samurai\samurai_f\git_challenge>git log
commit 82daf0a800f04f4239b814f8325f4f793328841d (HEAD -> main)
Author: yonchin46 <yossui1978@gmail.com>
Date:   Tue Jul 23 13:38:38 2024 +0900

    git_challengeの変更をコミット”

commit f69b21cc42827c866f54c3dc13dbab5c7bdb2fa4
Author: yonchin46 <yossui1978@gmail.com>
Date:   Tue Jul 23 11:49:14 2024 +0900

    git_challengeをコミット

C:\Users\愛枝\OneDrive\デスクトップ\samurai\samurai_f\git_challenge>